******************************************************************************
                  TI ARM Linker PC v20.2.5                     
******************************************************************************
>> Linked Thu Jan 13 21:25:33 2022

OUTPUT FILE NAME:   <Final_Project.out>
ENTRY POINT SYMBOL: "_c_int00_noargs"  address: 00000ba1


MEMORY CONFIGURATION

         name            origin    length      used     unused   attr    fill
----------------------  --------  ---------  --------  --------  ----  --------
  FLASH                 00000000   00040000  00000fa4  0003f05c  R  X
  SRAM                  20000000   00008000  00000474  00007b8c  RW X


SEGMENT ALLOCATION MAP

run origin  load origin   length   init length attrs members
----------  ----------- ---------- ----------- ----- -------
00000000    00000000    00000fa8   00000fa8    r-x
  00000000    00000000    0000026c   0000026c    r-- .intvecs
  0000026c    0000026c    00000abc   00000abc    r-x .text
  00000d28    00000d28    0000024c   0000024c    r-- .const
  00000f78    00000f78    00000030   00000030    r-- .cinit
20000000    20000000    00000478   00000000    rw-
  20000000    20000000    0000026c   00000000    rw- .vtable
  20000270    20000270    00000200   00000000    rw- .stack
  20000470    20000470    00000008   00000000    rw- .data


SECTION ALLOCATION MAP

 output                                  attributes/
section   page    origin      length       input sections
--------  ----  ----------  ----------   ----------------
.intvecs   0    00000000    0000026c     
                  00000000    0000026c     tm4c123gh6pm_startup_ccs.obj (.intvecs)

.text      0    0000026c    00000abc     
                  0000026c    00000290     GPTM.obj (.text)
                  000004fc    000001a0     GPIO_INIT.obj (.text)
                  0000069c    0000016c     driverlib.lib : gpio.obj (.text:GPIOPadConfigSet)
                  00000808    0000009c     rtsv7M4_T_le_v4SPD16_eabi.lib : memcpy_t2.asm.obj (.text)
                  000008a4    00000068     driverlib.lib : interrupt.obj (.text:IntEnable)
                  0000090c    00000068     rtsv7M4_T_le_v4SPD16_eabi.lib : copy_decompress_lzss.c.obj (.text:decompress:lzss:__TI_decompress_lzss)
                  00000974    00000060     driverlib.lib : timer.obj (.text:TimerConfigure)
                  000009d4    00000058                   : gpio.obj (.text:GPIOIntTypeSet)
                  00000a2c    0000004c                   : timer.obj (.text:_TimerIntNumberGet)
                  00000a78    00000044                   : gpio.obj (.text:_GPIOIntNumberGet)
                  00000abc    00000044     rtsv7M4_T_le_v4SPD16_eabi.lib : autoinit.c.obj (.text:__TI_auto_init_nobinit_nopinit:__TI_auto_init_nobinit_nopinit)
                  00000b00    00000038     driverlib.lib : sysctl.obj (.text:SysCtlPeripheralReady)
                  00000b38    00000034                   : interrupt.obj (.text:IntRegister)
                  00000b6c    00000034                   : sysctl.obj (.text:SysCtlPeripheralEnable)
                  00000ba0    00000034     rtsv7M4_T_le_v4SPD16_eabi.lib : boot_cortex_m.c.obj (.text:_c_int00_noargs:_c_int00_noargs)
                  00000bd4    0000002c     driverlib.lib : gpio.obj (.text:GPIODirModeSet)
                  00000c00    0000001c     rtsv7M4_T_le_v4SPD16_eabi.lib : copy_zero_init.c.obj (.text:decompress:ZI:__TI_zero_init_nomemset:__TI_zero_init_nomemset)
                  00000c1c    0000001a     driverlib.lib : gpio.obj (.text:GPIOPinTypeGPIOOutput)
                  00000c36    00000018                   : gpio.obj (.text:GPIOIntRegister)
                  00000c4e    00000002     --HOLE-- [fill = 0]
                  00000c50    00000018                   : timer.obj (.text:TimerDisable)
                  00000c68    00000018                   : timer.obj (.text:TimerIntRegister)
                  00000c80    00000016                   : gpio.obj (.text:GPIOPinTypeGPIOInput)
                  00000c96    00000012                   : timer.obj (.text:TimerLoadSet)
                  00000ca8    00000012     main.obj (.text)
                  00000cba    0000000e     driverlib.lib : gpio.obj (.text:GPIOIntDisable)
                  00000cc8    0000000e                   : timer.obj (.text:TimerEnable)
                  00000cd6    0000000e     rtsv7M4_T_le_v4SPD16_eabi.lib : copy_decompress_none.c.obj (.text:decompress:none:__TI_decompress_none)
                  00000ce4    0000000c     driverlib.lib : gpio.obj (.text:GPIOIntEnable)
                  00000cf0    0000000c     tm4c123gh6pm_startup_ccs.obj (.text)
                  00000cfc    00000008     driverlib.lib : timer.obj (.text:TimerIntEnable)
                  00000d04    00000006                   : gpio.obj (.text:GPIOIntClear)
                  00000d0a    00000006                   : gpio.obj (.text:GPIOPinRead)
                  00000d10    00000006                   : gpio.obj (.text:GPIOPinWrite)
                  00000d16    00000006                   : timer.obj (.text:TimerClockSourceSet)
                  00000d1c    00000004                   : timer.obj (.text:TimerIntClear)
                  00000d20    00000004     rtsv7M4_T_le_v4SPD16_eabi.lib : pre_init.c.obj (.text:_system_pre_init)
                  00000d24    00000004                                   : exit.c.obj (.text:abort:abort)

.const     0    00000d28    0000024c     
                  00000d28    000000d8     driverlib.lib : gpio.obj (.const:g_ppui32GPIOIntMapSnowflake)
                  00000e00    000000c0                   : gpio.obj (.const:g_ppui32GPIOIntMapBlizzard)
                  00000ec0    00000060                   : timer.obj (.const:g_ppui32TimerIntMap)
                  00000f20    00000040                   : timer.obj (.const:g_ppui32TimerIntMapSnowflake)
                  00000f60    00000014                   : interrupt.obj (.const:g_pui32EnRegs)

.cinit     0    00000f78    00000030     
                  00000f78    0000000c     (__TI_handler_table)
                  00000f84    00000004     --HOLE-- [fill = 0]
                  00000f88    00000008     (.cinit..vtable.load) [load image, compression = zero_init]
                  00000f90    00000007     (.cinit..data.load) [load image, compression = lzss]
                  00000f97    00000001     --HOLE-- [fill = 0]
                  00000f98    00000010     (__TI_cinit_table)

.init_array 
*          0    00000000    00000000     UNINITIALIZED

.vtable    0    20000000    0000026c     UNINITIALIZED
                  20000000    0000026c     driverlib.lib : interrupt.obj (.vtable)

.data      0    20000470    00000008     UNINITIALIZED
                  20000470    00000008     GPTM.obj (.data)

.stack     0    20000270    00000200     UNINITIALIZED
                  20000270    00000004     rtsv7M4_T_le_v4SPD16_eabi.lib : boot_cortex_m.c.obj (.stack)
                  20000274    000001fc     --HOLE--

__llvm_prf_cnts 
*          0    20000000    00000000     UNINITIALIZED

MODULE SUMMARY

       Module                         code   ro data   rw data
       ------                         ----   -------   -------
    .\
       GPTM.obj                       656    0         8      
       tm4c123gh6pm_startup_ccs.obj   12     620       0      
       GPIO_INIT.obj                  416    0         0      
       main.obj                       18     0         0      
    +--+------------------------------+------+---------+---------+
       Total:                         1102   620       8      
                                                              
    C:/ti/TivaWare_C_Series-2.2.0.295/driverlib/ccs/Debug/driverlib.lib
       gpio.obj                       680    408       0      
       interrupt.obj                  156    20        620    
       timer.obj                      270    160       0      
       sysctl.obj                     108    0         0      
    +--+------------------------------+------+---------+---------+
       Total:                         1214   588       620    
                                                              
    C:\ti\ccs1100\ccs\tools\compiler\ti-cgt-arm_20.2.5.LTS\lib\rtsv7M4_T_le_v4SPD16_eabi.lib
       memcpy_t2.asm.obj              156    0         0      
       copy_decompress_lzss.c.obj     104    0         0      
       autoinit.c.obj                 68     0         0      
       boot_cortex_m.c.obj            52     0         0      
       copy_zero_init.c.obj           28     0         0      
       copy_decompress_none.c.obj     14     0         0      
       exit.c.obj                     4      0         0      
       pre_init.c.obj                 4      0         0      
    +--+------------------------------+------+---------+---------+
       Total:                         430    0         0      
                                                              
       Stack:                         0      0         512    
       Linker Generated:              0      43        0      
    +--+------------------------------+------+---------+---------+
       Grand Total:                   2746   1251      1140   


LINKER GENERATED COPY TABLES

__TI_cinit_table @ 00000f98 records: 2, size/record: 8, table size: 16
	.vtable: load addr=00000f88, load size=00000008 bytes, run addr=20000000, run size=0000026c bytes, compression=zero_init
	.data: load addr=00000f90, load size=00000007 bytes, run addr=20000470, run size=00000008 bytes, compression=lzss


LINKER GENERATED HANDLER TABLE

__TI_handler_table @ 00000f78 records: 3, size/record: 4, table size: 12
	index: 0, handler: __TI_zero_init
	index: 1, handler: __TI_decompress_lzss
	index: 2, handler: __TI_decompress_none


GLOBAL SYMBOLS: SORTED ALPHABETICALLY BY Name 

address   name                          
-------   ----                          
00000d25  C$$EXIT                       
00000bd5  GPIODirModeSet                
00000d05  GPIOIntClear                  
00000cbb  GPIOIntDisable                
00000ce5  GPIOIntEnable                 
00000c37  GPIOIntRegister               
000009d5  GPIOIntTypeSet                
0000069d  GPIOPadConfigSet              
00000d0b  GPIOPinRead                   
00000c81  GPIOPinTypeGPIOInput          
00000c1d  GPIOPinTypeGPIOOutput         
00000d11  GPIOPinWrite                  
0000059b  GPIO_Int                      
0000026d  Init_TimerInt                 
000008a5  IntEnable                     
00000b39  IntRegister                   
000005c9  Pedestrian_Crossing           
000004fd  Port_Init                     
00000cf1  ResetISR                      
00000b6d  SysCtlPeripheralEnable        
00000b01  SysCtlPeripheralReady         
000002bf  Timer0_Handler                
00000d17  TimerClockSourceSet           
00000975  TimerConfigure                
00000c51  TimerDisable                  
00000cc9  TimerEnable                   
00000d1d  TimerIntClear                 
00000cfd  TimerIntEnable                
00000c69  TimerIntRegister              
00000c97  TimerLoadSet                  
0000047d  Timer_Delay                   
20000470  __STACK_END                   
00000200  __STACK_SIZE                  
20000470  __STACK_TOP                   
00000f98  __TI_CINIT_Base               
00000fa8  __TI_CINIT_Limit              
00000f78  __TI_Handler_Table_Base       
00000f84  __TI_Handler_Table_Limit      
00000abd  __TI_auto_init_nobinit_nopinit
0000090d  __TI_decompress_lzss          
00000cd7  __TI_decompress_none          
ffffffff  __TI_pprof_out_hndl           
ffffffff  __TI_prof_data_size           
ffffffff  __TI_prof_data_start          
00000000  __TI_static_base__            
00000c01  __TI_zero_init_nomemset       
00000809  __aeabi_memcpy                
00000809  __aeabi_memcpy4               
00000809  __aeabi_memcpy8               
ffffffff  __binit__                     
ffffffff  __c_args__                    
UNDEFED   __mpu_init                    
20000270  __stack                       
20000000  __start___llvm_prf_cnts       
20000000  __stop___llvm_prf_cnts        
00000ba1  _c_int00_noargs               
UNDEFED   _system_post_cinit            
00000d21  _system_pre_init              
00000d25  abort                         
ffffffff  binit                         
20000470  counter                       
20000000  g_pfnRAMVectors               
00000000  g_pfnVectors                  
00000ca9  main                          
00000809  memcpy                        
20000474  switch_traffic                


GLOBAL SYMBOLS: SORTED BY Symbol Address 

address   name                          
-------   ----                          
00000000  __TI_static_base__            
00000000  g_pfnVectors                  
00000200  __STACK_SIZE                  
0000026d  Init_TimerInt                 
000002bf  Timer0_Handler                
0000047d  Timer_Delay                   
000004fd  Port_Init                     
0000059b  GPIO_Int                      
000005c9  Pedestrian_Crossing           
0000069d  GPIOPadConfigSet              
00000809  __aeabi_memcpy                
00000809  __aeabi_memcpy4               
00000809  __aeabi_memcpy8               
00000809  memcpy                        
000008a5  IntEnable                     
0000090d  __TI_decompress_lzss          
00000975  TimerConfigure                
000009d5  GPIOIntTypeSet                
00000abd  __TI_auto_init_nobinit_nopinit
00000b01  SysCtlPeripheralReady         
00000b39  IntRegister                   
00000b6d  SysCtlPeripheralEnable        
00000ba1  _c_int00_noargs               
00000bd5  GPIODirModeSet                
00000c01  __TI_zero_init_nomemset       
00000c1d  GPIOPinTypeGPIOOutput         
00000c37  GPIOIntRegister               
00000c51  TimerDisable                  
00000c69  TimerIntRegister              
00000c81  GPIOPinTypeGPIOInput          
00000c97  TimerLoadSet                  
00000ca9  main                          
00000cbb  GPIOIntDisable                
00000cc9  TimerEnable                   
00000cd7  __TI_decompress_none          
00000ce5  GPIOIntEnable                 
00000cf1  ResetISR                      
00000cfd  TimerIntEnable                
00000d05  GPIOIntClear                  
00000d0b  GPIOPinRead                   
00000d11  GPIOPinWrite                  
00000d17  TimerClockSourceSet           
00000d1d  TimerIntClear                 
00000d21  _system_pre_init              
00000d25  C$$EXIT                       
00000d25  abort                         
00000f78  __TI_Handler_Table_Base       
00000f84  __TI_Handler_Table_Limit      
00000f98  __TI_CINIT_Base               
00000fa8  __TI_CINIT_Limit              
20000000  __start___llvm_prf_cnts       
20000000  __stop___llvm_prf_cnts        
20000000  g_pfnRAMVectors               
20000270  __stack                       
20000470  __STACK_END                   
20000470  __STACK_TOP                   
20000470  counter                       
20000474  switch_traffic                
ffffffff  __TI_pprof_out_hndl           
ffffffff  __TI_prof_data_size           
ffffffff  __TI_prof_data_start          
ffffffff  __binit__                     
ffffffff  __c_args__                    
ffffffff  binit                         
UNDEFED   __mpu_init                    
UNDEFED   _system_post_cinit            

[66 symbols]
